=== using profile karliwalti [/home/walterk/SoftwareRepo/lambdanative/PROFILE]..
=== configured to build RRate version 2.7 for win32 on linux in normal mode

==> checking for required tools..
  => grep.. ok
  => wget.. ok
  => zip.. ok
  => tar.. ok
  => sed.. ok
  => tr.. ok
  => cut.. ok
  => tail.. ok
  => head.. ok
  => find.. ok
  => autoconf.. ok
  => make.. ok
  => gcc.. ok
  => patch.. ok
 => checking for working xelatex..
xelatex check.tex
This is XeTeX, Version 3.1415926-2.5-0.9999.3 (TeX Live 2013/Debian)
 restricted \write18 enabled.
entering extended mode
(./check.tex
LaTeX2e <2011/06/27>
Babel <3.9h> and hyphenation patterns for 78 languages loaded.

cat check.log
This is XeTeX, Version 3.1415926-2.5-0.9999.3 (TeX Live 2013/Debian) (format=xelatex 2015.12.8)  30 JAN 2016 02:04
entering extended mode
 restricted \write18 enabled.
 %&-line parsing enabled.
**check.tex
(./check.tex
LaTeX2e <2011/06/27>
Babel <3.9h> and hyphenation patterns for 78 languages loaded.

(/usr/share/texlive/texmf-dist/tex/latex/base/article.cls
Document Class: article 2007/10/19 v1.4h Standard LaTeX document class
(/usr/share/texlive/texmf-dist/tex/latex/base/size10.clo
File: size10.clo 2007/10/19 v1.4h Standard LaTeX file (size option)
)
\c@part=\count80
\c@section=\count81
\c@subsection=\count82
\c@subsubsection=\count83
\c@paragraph=\count84
\c@subparagraph=\count85
\c@figure=\count86
\c@table=\count87
\abovecaptionskip=\skip41
\belowcaptionskip=\skip42
\bibindent=\dimen102
) (/usr/share/texlive/texmf-dist/tex/latex/fontspec/fontspec.sty
Package: fontspec 2013/05/20 v2.3c Font selection for XeLaTeX and LuaLaTeX
(/usr/share/texlive/texmf-dist/tex/latex/l3kernel/expl3.sty (/usr/share/texlive
/texmf-dist/tex/latex/l3kernel/l3names.sty (/usr/share/texlive/texmf-dist/tex/l
atex/l3kernel/l3bootstrap.sty
Package: l3bootstrap 2014/01/04 v4640 L3 Experimental bootstrap code
)
Package: l3names 2014/01/04 v4640 L3 Namespace for primitives
) (/usr/share/texlive/texmf-dist/tex/latex/etex-pkg/etex.sty
Package: etex 1998/03/26 v2.0 eTeX basic definition package (PEB)
\et@xins=\count88
)
Package: expl3 2014/01/07 v4646 L3 Experimental code bundle wrapper
(/usr/share/texlive/texmf-dist/tex/latex/l3kernel/l3basics.sty
Package: l3basics 2014/01/04 v4642 L3 Basic definitions
) (/usr/share/texlive/texmf-dist/tex/latex/l3kernel/l3expan.sty
Package: l3expan 2014/01/04 v4642 L3 Argument expansion
) (/usr/share/texlive/texmf-dist/tex/latex/l3kernel/l3tl.sty
Package: l3tl 2013/12/27 v4625 L3 Token lists
) (/usr/share/texlive/texmf-dist/tex/latex/l3kernel/l3seq.sty
Package: l3seq 2013/12/14 v4623 L3 Sequences and stacks
) (/usr/share/texlive/texmf-dist/tex/latex/l3kernel/l3int.sty
Package: l3int 2013/08/02 v4583 L3 Integers
\c_max_int=\count89
\l_tmpa_int=\count90
\l_tmpb_int=\count91
\g_tmpa_int=\count92
\g_tmpb_int=\count93
) (/usr/share/texlive/texmf-dist/tex/latex/l3kernel/l3quark.sty
Package: l3quark 2013/12/14 v4623 L3 Quarks
) (/usr/share/texlive/texmf-dist/tex/latex/l3kernel/l3prg.sty
Package: l3prg 2014/01/04 v4642 L3 Control structures
\g__prg_map_int=\count94
) (/usr/share/texlive/texmf-dist/tex/latex/l3kernel/l3clist.sty
Package: l3clist 2013/07/28 v4581 L3 Comma separated lists
) (/usr/share/texlive/texmf-dist/tex/latex/l3kernel/l3token.sty
Package: l3token 2013/08/25 v4587 L3 Experimental token manipulation
) (/usr/share/texlive/texmf-dist/tex/latex/l3kernel/l3prop.sty
Package: l3prop 2013/12/14 v4623 L3 Property lists
) (/usr/share/texlive/texmf-dist/tex/latex/l3kernel/l3msg.sty
Package: l3msg 2013/07/28 v4581 L3 Messages
) (/usr/share/texlive/texmf-dist/tex/latex/l3kernel/l3file.sty
Package: l3file 2013/10/13 v4596 L3 File and I/O operations
\l_iow_line_count_int=\count95
\l__iow_target_count_int=\count96
\l__iow_current_line_int=\count97
\l__iow_current_word_int=\count98
\l__iow_current_indentation_int=\count99
) (/usr/share/texlive/texmf-dist/tex/latex/l3kernel/l3skip.sty
Package: l3skip 2013/07/28 v4581 L3 Dimensions and skips
\c_zero_dim=\dimen103
\c_max_dim=\dimen104
\l_tmpa_dim=\dimen105
\l_tmpb_dim=\dimen106
\g_tmpa_dim=\dimen107
\g_tmpb_dim=\dimen108
\c_zero_skip=\skip43
\c_max_skip=\skip44
\l_tmpa_skip=\skip45
\l_tmpb_skip=\skip46
\g_tmpa_skip=\skip47
\g_tmpb_skip=\skip48
\c_zero_muskip=\muskip10
\c_max_muskip=\muskip11
\l_tmpa_muskip=\muskip12
\l_tmpb_muskip=\muskip13
\g_tmpa_muskip=\muskip14
\g_tmpb_muskip=\muskip15
) (/usr/share/texlive/texmf-dist/tex/latex/l3kernel/l3keys.sty
Package: l3keys 2013/12/08 v4614 L3 Experimental key-value interfaces
\g__keyval_level_int=\count100
\l_keys_choice_int=\count101
) (/usr/share/texlive/texmf-dist/tex/latex/l3kernel/l3fp.sty
Package: l3fp 2014/01/04 v4642 L3 Floating points
\c__fp_leading_shift_int=\count102
\c__fp_middle_shift_int=\count103
\c__fp_trailing_shift_int=\count104
\c__fp_big_leading_shift_int=\count105
\c__fp_big_middle_shift_int=\count106
\c__fp_big_trailing_shift_int=\count107
\c__fp_Bigg_leading_shift_int=\count108
\c__fp_Bigg_middle_shift_int=\count109
\c__fp_Bigg_trailing_shift_int=\count110
) (/usr/share/texlive/texmf-dist/tex/latex/l3kernel/l3box.sty
Package: l3box 2013/07/28 v4581 L3 Experimental boxes
\c_empty_box=\box26
\l_tmpa_box=\box27
\l_tmpb_box=\box28
\g_tmpa_box=\box29
\g_tmpb_box=\box30
) (/usr/share/texlive/texmf-dist/tex/latex/l3kernel/l3coffins.sty
Package: l3coffins 2013/12/14 v4624 L3 Coffin code layer
\l__coffin_internal_box=\box31
\l__coffin_internal_dim=\dimen109
\l__coffin_offset_x_dim=\dimen110
\l__coffin_offset_y_dim=\dimen111
\l__coffin_x_dim=\dimen112
\l__coffin_y_dim=\dimen113
\l__coffin_x_prime_dim=\dimen114
\l__coffin_y_prime_dim=\dimen115
\c_empty_coffin=\box32
\l__coffin_aligned_coffin=\box33
\l__coffin_aligned_internal_coffin=\box34
\l_tmpa_coffin=\box35
\l_tmpb_coffin=\box36
\l__coffin_display_coffin=\box37
\l__coffin_display_coord_coffin=\box38
\l__coffin_display_pole_coffin=\box39
\l__coffin_display_offset_dim=\dimen116
\l__coffin_display_x_dim=\dimen117
\l__coffin_display_y_dim=\dimen118
) (/usr/share/texlive/texmf-dist/tex/latex/l3kernel/l3color.sty
Package: l3color 2012/08/29 v4156 L3 Experimental color support
) (/usr/share/texlive/texmf-dist/tex/latex/l3kernel/l3luatex.sty
Package: l3luatex 2013/07/28 v4581 L3 Experimental LuaTeX-specific functions
\g__cctab_allocate_int=\count111
\g__cctab_stack_int=\count112
) (/usr/share/texlive/texmf-dist/tex/latex/l3kernel/l3candidates.sty
Package: l3candidates 2014/01/06 v4643 L3 Experimental additions to l3kernel
\l__box_top_dim=\dimen119
\l__box_bottom_dim=\dimen120
\l__box_left_dim=\dimen121
\l__box_right_dim=\dimen122
\l__box_top_new_dim=\dimen123
\l__box_bottom_new_dim=\dimen124
\l__box_left_new_dim=\dimen125
\l__box_right_new_dim=\dimen126
\l__box_internal_box=\box40
\l__coffin_bounding_shift_dim=\dimen127
\l__coffin_left_corner_dim=\dimen128
\l__coffin_right_corner_dim=\dimen129
\l__coffin_bottom_corner_dim=\dimen130
\l__coffin_top_corner_dim=\dimen131
\l__coffin_scaled_total_height_dim=\dimen132
\l__coffin_scaled_width_dim=\dimen133
) (/usr/share/texlive/texmf-dist/tex/generic/oberdiek/ifpdf.sty
Package: ifpdf 2011/01/30 v2.3 Provides the ifpdf switch (HO)
Package ifpdf Info: pdfTeX in PDF mode is not detected.
)) (/usr/share/texlive/texmf-dist/tex/latex/l3packages/xparse/xparse.sty
Package: xparse 2013/12/31 v4634 L3 Experimental document command parser
\l__xparse_current_arg_int=\count113
\l__xparse_m_args_int=\count114
\l__xparse_mandatory_args_int=\count115
\l__xparse_processor_int=\count116
\l__xparse_v_nesting_int=\count117
)
\l_fontspec_script_int=\count118
\l_fontspec_language_int=\count119
\l_fontspec_strnum_int=\count120
\l_fontspec_tmpa_dim=\dimen134
\l_fontspec_tmpb_dim=\dimen135
\l_fontspec_tmpc_dim=\dimen136
Variant \tl_gset:cV already defined; not changing it on line 69
(/usr/share/texlive/texmf-dist/tex/latex/fontspec/fontspec-patches.sty
Package: fontspec-patches 2013/05/20 v2.3c Font selection for XeLaTeX and LuaLa
TeX
(/usr/share/texlive/texmf-dist/tex/latex/base/fixltx2e.sty
Package: fixltx2e 2006/09/13 v1.1m fixes to LaTeX
LaTeX Info: Redefining \em on input line 420.
)
LaTeX Info: Redefining \em on input line 22.
LaTeX Info: Redefining \emph on input line 30.
LaTeX Info: Redefining \- on input line 33.
*************************************************
* LaTeX warning: "xparse/redefine-command"
* 
* Redefining document command \oldstylenums with arg. spec. 'm' on line 128.
*************************************************
.................................................
. LaTeX info: "xparse/define-command"
. 
. Defining document command \liningnums with arg. spec. 'm' on line 132.
.................................................
) (/usr/share/texlive/texmf-dist/tex/latex/fontspec/fontspec-xetex.sty
Package: fontspec-xetex 2013/05/20 v2.3c Font selection for XeLaTeX and LuaLaTe
X
(/usr/share/texlive/texmf-dist/tex/latex/base/fontenc.sty
Package: fontenc 2005/09/27 v1.99g Standard LaTeX package
(/usr/share/texlive/texmf-dist/tex/latex/euenc/eu1enc.def
File: eu1enc.def 2010/05/27 v0.1h Experimental Unicode font encodings
)
LaTeX Font Info:    Try loading font information for EU1+lmr on input line 100.

(/usr/share/texlive/texmf-dist/tex/latex/euenc/eu1lmr.fd
File: eu1lmr.fd 2009/10/30 v1.6 Font defs for Latin Modern
)) (/usr/share/texlive/texmf-dist/tex/xelatex/xunicode/xunicode.sty
File: xunicode.sty 2011/09/09 v0.981 provides access to latin accents and many 
other characters in Unicode lower plane
(/usr/share/texmf/tex/latex/tipa/t3enc.def
File: t3enc.def 2001/12/31 T3 encoding
LaTeX Font Info:    Try loading font information for EU1+lmss on input line 357
.
(/usr/share/texlive/texmf-dist/tex/latex/euenc/eu1lmss.fd
File: eu1lmss.fd 2009/10/30 v1.6 Font defs for Latin Modern
))
\tipaTiiicode=\count121
\tipasavetokens=\toks14
\tipachecktokens=\toks15
(/usr/share/texlive/texmf-dist/tex/latex/graphics/graphicx.sty
Package: graphicx 1999/02/16 v1.0f Enhanced LaTeX Graphics (DPC,SPQR)
(/usr/share/texlive/texmf-dist/tex/latex/graphics/keyval.sty
Package: keyval 1999/03/16 v1.13 key=value parser (DPC)
\KV@toks@=\toks16
) (/usr/share/texlive/texmf-dist/tex/latex/graphics/graphics.sty
Package: graphics 2009/02/05 v1.0o Standard LaTeX Graphics (DPC,SPQR)
(/usr/share/texlive/texmf-dist/tex/latex/graphics/trig.sty
Package: trig 1999/03/16 v1.09 sin cos tan (DPC)
) (/usr/share/texlive/texmf-dist/tex/latex/latexconfig/graphics.cfg
File: graphics.cfg 2010/04/23 v1.9 graphics configuration of TeX Live
)
Package graphics Info: Driver file: xetex.def on input line 91.
(/usr/share/texlive/texmf-dist/tex/xelatex/xetex-def/xetex.def
File: xetex.def 2013/04/29 v0.96 LaTeX color/graphics driver for XeTeX (RRM/JK)

))
\Gin@req@height=\dimen137
\Gin@req@width=\dimen138
))
.................................................
. LaTeX info: "xparse/define-command"
. 
. Defining document command \fontspec with arg. spec. 'O{}m' on line 41.
.................................................
.................................................
. LaTeX info: "xparse/define-command"
. 
. Defining document command \setmainfont with arg. spec. 'O{}m' on line 46.
.................................................
.................................................
. LaTeX info: "xparse/define-command"
. 
. Defining document command \setsansfont with arg. spec. 'O{}m' on line 51.
.................................................
.................................................
. LaTeX info: "xparse/define-command"
. 
. Defining document command \setmonofont with arg. spec. 'O{}m' on line 56.
.................................................
.................................................
. LaTeX info: "xparse/define-command"
. 
. Defining document command \setmathrm with arg. spec. 'O{}m' on line 65.
.................................................
.................................................
. LaTeX info: "xparse/define-command"
. 
. Defining document command \setboldmathrm with arg. spec. 'O{}m' on line 69.
.................................................
.................................................
. LaTeX info: "xparse/define-command"
. 
. Defining document command \setmathsf with arg. spec. 'O{}m' on line 73.
.................................................
.................................................
. LaTeX info: "xparse/define-command"
. 
. Defining document command \setmathtt with arg. spec. 'O{}m' on line 77.
.................................................
.................................................
. LaTeX info: "xparse/define-command"
. 
. Defining document command \newfontfamily with arg. spec. 'mO{}m' on line 96.
.................................................
.................................................
. LaTeX info: "xparse/define-command"
. 
. Defining document command \newfontface with arg. spec. 'mO{}m' on line 100.
.................................................
.................................................
. LaTeX info: "xparse/define-command"
. 
. Defining document command \defaultfontfeatures with arg. spec. 'om' on line
. 108.
.................................................
.................................................
. LaTeX info: "xparse/define-command"
. 
. Defining document command \addfontfeatures with arg. spec. 'm' on line 144.
.................................................
.................................................
. LaTeX info: "xparse/define-command"
. 
. Defining document command \newfontfeature with arg. spec. 'mm' on line 156.
.................................................
.................................................
. LaTeX info: "xparse/define-command"
. 
. Defining document command \newAATfeature with arg. spec. 'mmmm' on line 164.
.................................................
.................................................
. LaTeX info: "xparse/define-command"
. 
. Defining document command \newICUfeature with arg. spec. 'mmm' on line 172.
.................................................
.................................................
. LaTeX info: "xparse/define-command"
. 
. Defining document command \aliasfontfeature with arg. spec. 'mm' on line
. 201.
.................................................
.................................................
. LaTeX info: "xparse/define-command"
. 
. Defining document command \aliasfontfeatureoption with arg. spec. 'mmm' on
. line 203.
.................................................
.................................................
. LaTeX info: "xparse/define-command"
. 
. Defining document command \newfontscript with arg. spec. 'mm' on line 208.
.................................................
.................................................
. LaTeX info: "xparse/define-command"
. 
. Defining document command \newfontlanguage with arg. spec. 'mm' on line 235.
.................................................
.................................................
. LaTeX info: "xparse/define-command"
. 
. Defining document command \DeclareFontsExtensions with arg. spec. 'm' on
. line 256.
.................................................
Variant \prop_gput:cnV already defined; not changing it on line 582
Variant \prop_gput:cnx already defined; not changing it on line 583
\l_fontspec_tmp_int=\count122
LaTeX Info: Redefining \itshape on input line 2087.
LaTeX Info: Redefining \slshape on input line 2092.
LaTeX Info: Redefining \scshape on input line 2097.
LaTeX Info: Redefining \upshape on input line 2102.
(/usr/share/texlive/texmf-dist/tex/latex/fontspec/fontspec.cfg))) (/usr/share/t
exlive/texmf-dist/tex/latex/geometry/geometry.sty
Package: geometry 2010/09/12 v5.6 Page Geometry
(/usr/share/texlive/texmf-dist/tex/generic/oberdiek/ifvtex.sty
Package: ifvtex 2010/03/01 v1.5 Detect VTeX and its facilities (HO)
Package ifvtex Info: VTeX not detected.
) (/usr/share/texlive/texmf-dist/tex/generic/ifxetex/ifxetex.sty
Package: ifxetex 2010/09/12 v0.6 Provides ifxetex conditional
)
\Gm@cnth=\count123
\Gm@cntv=\count124
\c@Gm@tempcnt=\count125
\Gm@bindingoffset=\dimen139
\Gm@wd@mp=\dimen140
\Gm@odd@mp=\dimen141
\Gm@even@mp=\dimen142
\Gm@layoutwidth=\dimen143
\Gm@layoutheight=\dimen144
\Gm@layouthoffset=\dimen145
\Gm@layoutvoffset=\dimen146
\Gm@dimlist=\toks17
)
No file check.aux.
\openout1 = `check.aux'.

LaTeX Font Info:    Checking defaults for OML/cmm/m/it on input line 5.
LaTeX Font Info:    ... okay on input line 5.
LaTeX Font Info:    Checking defaults for T1/cmr/m/n on input line 5.
LaTeX Font Info:    ... okay on input line 5.
LaTeX Font Info:    Checking defaults for OT1/cmr/m/n on input line 5.
LaTeX Font Info:    ... okay on input line 5.
LaTeX Font Info:    Checking defaults for OMS/cmsy/m/n on input line 5.
LaTeX Font Info:    ... okay on input line 5.
LaTeX Font Info:    Checking defaults for OMX/cmex/m/n on input line 5.
LaTeX Font Info:    ... okay on input line 5.
LaTeX Font Info:    Checking defaults for U/cmr/m/n on input line 5.
LaTeX Font Info:    ... okay on input line 5.
LaTeX Font Info:    Checking defaults for EU1/lmr/m/n on input line 5.
LaTeX Font Info:    ... okay on input line 5.
LaTeX Font Info:    Checking defaults for T3/cmr/m/n on input line 5.
LaTeX Font Info:    Try loading font information for T3+cmr on input line 5.
(/usr/share/texmf/tex/latex/tipa/t3cmr.fd
File: t3cmr.fd 2001/12/31 TIPA font definitions
)
LaTeX Font Info:    ... okay on input line 5.
.................................................
. fontspec info: "setup-math"
. 
. Adjusting the maths setup (use [no-math] to avoid this).
.................................................
\symlegacymaths=\mathgroup4
LaTeX Font Info:    Overwriting symbol font `legacymaths' in version `bold'
(Font)                  OT1/cmr/m/n --> OT1/cmr/bx/n on input line 5.
LaTeX Font Info:    Redeclaring math accent \acute on input line 5.
LaTeX Font Info:    Redeclaring math accent \grave on input line 5.
LaTeX Font Info:    Redeclaring math accent \ddot on input line 5.
LaTeX Font Info:    Redeclaring math accent \tilde on input line 5.
LaTeX Font Info:    Redeclaring math accent \bar on input line 5.
LaTeX Font Info:    Redeclaring math accent \breve on input line 5.
LaTeX Font Info:    Redeclaring math accent \check on input line 5.
LaTeX Font Info:    Redeclaring math accent \hat on input line 5.
LaTeX Font Info:    Redeclaring math accent \dot on input line 5.
LaTeX Font Info:    Redeclaring math accent \mathring on input line 5.
LaTeX Font Info:    Redeclaring math symbol \colon on input line 5.
LaTeX Font Info:    Redeclaring math symbol \Gamma on input line 5.
LaTeX Font Info:    Redeclaring math symbol \Delta on input line 5.
LaTeX Font Info:    Redeclaring math symbol \Theta on input line 5.
LaTeX Font Info:    Redeclaring math symbol \Lambda on input line 5.
LaTeX Font Info:    Redeclaring math symbol \Xi on input line 5.
LaTeX Font Info:    Redeclaring math symbol \Pi on input line 5.
LaTeX Font Info:    Redeclaring math symbol \Sigma on input line 5.
LaTeX Font Info:    Redeclaring math symbol \Upsilon on input line 5.
LaTeX Font Info:    Redeclaring math symbol \Phi on input line 5.
LaTeX Font Info:    Redeclaring math symbol \Psi on input line 5.
LaTeX Font Info:    Redeclaring math symbol \Omega on input line 5.
LaTeX Font Info:    Redeclaring math symbol \mathdollar on input line 5.
LaTeX Font Info:    Redeclaring symbol font `operators' on input line 5.
LaTeX Font Info:    Encoding `OT1' has changed to `EU1' for symbol font
(Font)              `operators' in the math version `normal' on input line 5.
LaTeX Font Info:    Overwriting symbol font `operators' in version `normal'
(Font)                  OT1/cmr/m/n --> EU1/lmr/m/n on input line 5.
LaTeX Font Info:    Encoding `OT1' has changed to `EU1' for symbol font
(Font)              `operators' in the math version `bold' on input line 5.
LaTeX Font Info:    Overwriting symbol font `operators' in version `bold'
(Font)                  OT1/cmr/bx/n --> EU1/lmr/m/n on input line 5.
LaTeX Font Info:    Overwriting symbol font `operators' in version `normal'
(Font)                  EU1/lmr/m/n --> EU1/lmr/m/n on input line 5.
LaTeX Font Info:    Overwriting math alphabet `\mathrm' in version `normal'
(Font)                  EU1/lmr/m/n --> EU1/lmr/m/n on input line 5.
LaTeX Font Info:    Overwriting math alphabet `\mathit' in version `normal'
(Font)                  OT1/cmr/m/it --> EU1/lmr/m/it on input line 5.
LaTeX Font Info:    Overwriting math alphabet `\mathbf' in version `normal'
(Font)                  OT1/cmr/bx/n --> EU1/lmr/bx/n on input line 5.
LaTeX Font Info:    Overwriting math alphabet `\mathsf' in version `normal'
(Font)                  OT1/cmss/m/n --> EU1/lmss/m/n on input line 5.
LaTeX Font Info:    Overwriting math alphabet `\mathtt' in version `normal'
(Font)                  OT1/cmtt/m/n --> EU1/lmtt/m/n on input line 5.
LaTeX Font Info:    Overwriting symbol font `operators' in version `bold'
(Font)                  EU1/lmr/m/n --> EU1/lmr/bx/n on input line 5.
LaTeX Font Info:    Overwriting math alphabet `\mathrm' in version `bold'
(Font)                  EU1/lmr/m/n --> EU1/lmr/bx/n on input line 5.
LaTeX Font Info:    Overwriting math alphabet `\mathit' in version `bold'
(Font)                  OT1/cmr/bx/it --> EU1/lmr/bx/it on input line 5.
LaTeX Font Info:    Overwriting math alphabet `\mathsf' in version `bold'
(Font)                  OT1/cmss/bx/n --> EU1/lmss/bx/n on input line 5.
LaTeX Font Info:    Overwriting math alphabet `\mathtt' in version `bold'
(Font)                  OT1/cmtt/m/n --> EU1/lmtt/bx/n on input line 5.
*geometry* driver: auto-detecting
*geometry* detected driver: xetex
*geometry* verbose mode - [ preamble ] result:
* driver: xetex
* paper: <default>
* layout: <same size as paper>
* layoutoffset:(h,v)=(0.0pt,0.0pt)
* modes: 
* h-part:(L,W,R)=(92.14519pt, 430.00462pt, 92.14519pt)
* v-part:(T,H,B)=(95.39737pt, 556.47656pt, 143.09605pt)
* \paperwidth=614.295pt
* \paperheight=794.96999pt
* \textwidth=430.00462pt
* \textheight=556.47656pt
* \oddsidemargin=19.8752pt
* \evensidemargin=19.8752pt
* \topmargin=-13.87262pt
* \headheight=12.0pt
* \headsep=25.0pt
* \topskip=10.0pt
* \footskip=30.0pt
* \marginparwidth=65.0pt
* \marginparsep=11.0pt
* \columnsep=10.0pt
* \skip\footins=9.0pt plus 4.0pt minus 2.0pt
* \hoffset=0.0pt
* \voffset=0.0pt
* \mag=1000
* \@twocolumnfalse
* \@twosidefalse
* \@mparswitchfalse
* \@reversemarginfalse
* (1in=72.27pt=25.4mm, 1cm=28.453pt)

[1

] (./check.aux) ) 
Here is how much of TeX's memory you used:
 13199 strings out of 493918
 274505 string characters out of 6150563
 309960 words of memory out of 5000000
 16452 multiletter control sequences out of 15000+600000
 3680 words of font info for 19 fonts, out of 8000000 for 9000
 1144 hyphenation exceptions out of 8191
 46i,4n,35p,10402b,115s stack positions out of 5000i,500n,10000p,200000b,80000s

Output written on check.pdf (1 page).
==> checking for required libraries..
==> checking for lambdanative tools..
 => lambdanative tools complete
==> creating libraries needed for RRate..
 => libgambc..
  => shasum.. ok
 => extracting /home/walterk/.cache/lambdanative/packages/gambc-v4_7_9.tgz..
  => tar.. ok
 => patching source...
 => configuring source..
  CHOST=x86_64-linux-gnu   PKG_CONFIG_PATH=/home/walterk/.cache/lambdanative/win32/lib/pkgconfig   PATH="/home/walterk/.cache/lambdanative/win32/bin:/usr/local/sbin:/usr/local/bin:/usr/sbin:/usr/bin:/sbin:/bin:/usr/games:/usr/local/games:/home/walterk/Software/android-sdk-linux/tools:/home/walterk/Software/android-sdk-linux/platform-tools"   LDFLAGS=-L/home/walterk/.cache/lambdanative/win32/lib   LD_LIBRARY_PATH=/home/walterk/.cache/lambdanative/win32/lib   CPPFLAGS=-I/home/walterk/.cache/lambdanative/win32/include   CC="/usr/bin/c89-gcc  -isysroot /usr/i586-mingw32 -DWIN32 -DWINVER=0x0501 -I/home/walterk/.cache/lambdanative/win32/include -L/home/walterk/.cache/lambdanative/win32/lib"   AR=/usr/bin/c89-ar   RANLIB=/usr/bin/c89-ranlib   NM=/usr/bin/c89-nm   LD=/usr/bin/c89-ld   AS=/usr/bin/c89-as   CPP=/usr/bin/c89-cpp   OBJCOPY=/usr/bin/c89-objcopy   STRIP=/usr/bin/c89-strip   GPROF=/usr/bin/c89-gprof   READELF=/usr/bin/c89-readelf   OBJDUMP=/usr/bin/c89-objdump   ./configure --prefix=/home/walterk/.cache/lambdanative/win32 --host=i386-mingw32 
checking build system type... x86_64-unknown-linux-gnu
checking host system type... i386-pc-mingw32
checking target system type... i386-pc-mingw32
checking for i386-mingw32-gcc... /usr/bin/c89-gcc -isysroot /usr/i586-mingw32 -DWIN32 -DWINVER=0x0501 -I/home/walterk/.cache/lambdanative/win32/include -L/home/walterk/.cache/lambdanative/win32/lib
checking whether the C compiler works... yes
checking for C compiler default output file name... a.out
checking for suffix of executables... 
checking whether we are cross compiling... yes
checking for suffix of object files... o
checking whether we are using the GNU C compiler... yes
checking whether /usr/bin/c89-gcc -isysroot /usr/i586-mingw32 -DWIN32 -DWINVER=0x0501 -I/home/walterk/.cache/lambdanative/win32/include -L/home/walterk/.cache/lambdanative/win32/lib accepts -g... yes
checking for /usr/bin/c89-gcc -isysroot /usr/i586-mingw32 -DWIN32 -DWINVER=0x0501 -I/home/walterk/.cache/lambdanative/win32/include -L/home/walterk/.cache/lambdanative/win32/lib option to accept ISO C89... unsupported
checking how to run the C preprocessor... /usr/bin/c89-cpp
checking for grep that handles long lines and -e... /bin/grep
checking for egrep... /bin/grep -E
checking for ANSI C header files... no
checking for sys/types.h... no
checking for sys/stat.h... no
checking for stdlib.h... no
checking for string.h... no
checking for memory.h... no
checking for strings.h... no
checking for inttypes.h... no
checking for stdint.h... no
checking for unistd.h... no
checking size of void*... 0
checking size of long... 0
checking for bool... no
checking whether /usr/bin/c89-gcc -isysroot /usr/i586-mingw32 -DWIN32 -DWINVER=0x0501 -I/home/walterk/.cache/lambdanative/win32/include -L/home/walterk/.cache/lambdanative/win32/lib defines __GNUC__... yes
checking whether /usr/bin/c89-gcc -isysroot /usr/i586-mingw32 -DWIN32 -DWINVER=0x0501 -I/home/walterk/.cache/lambdanative/win32/include -L/home/walterk/.cache/lambdanative/win32/lib defines __clang__... 
checking whether /usr/bin/c89-gcc -isysroot /usr/i586-mingw32 -DWIN32 -DWINVER=0x0501 -I/home/walterk/.cache/lambdanative/win32/include -L/home/walterk/.cache/lambdanative/win32/lib defines __llvm__... 
checking whether /usr/bin/c89-gcc -isysroot /usr/i586-mingw32 -DWIN32 -DWINVER=0x0501 -I/home/walterk/.cache/lambdanative/win32/include -L/home/walterk/.cache/lambdanative/win32/lib defines _MSC_VER... 
checking whether /usr/bin/c89-gcc -isysroot /usr/i586-mingw32 -DWIN32 -DWINVER=0x0501 -I/home/walterk/.cache/lambdanative/win32/include -L/home/walterk/.cache/lambdanative/win32/lib defines _WIN32... 
checking errno.h usability... no
checking errno.h presence... yes
checking for errno.h... no
checking float.h usability... no
checking float.h presence... yes
checking for float.h... no
checking signal.h usability... no
checking signal.h presence... yes
checking for signal.h... no
checking stdio.h usability... no
checking stdio.h presence... yes
checking for stdio.h... no
checking for stdlib.h... (cached) no
checking for string.h... (cached) no
checking time.h usability... no
checking time.h presence... yes
checking for time.h... no
checking for unistd.h... (cached) no
checking pwd.h usability... no
checking pwd.h presence... yes
checking for pwd.h... no
checking dlfcn.h usability... no
checking dlfcn.h presence... yes
checking for dlfcn.h... no
checking dl.h usability... no
checking dl.h presence... no
checking for dl.h... no
checking sys/dxe.h usability... no
checking sys/dxe.h presence... no
checking for sys/dxe.h... no
checking mach-o/dyld.h usability... no
checking mach-o/dyld.h presence... no
checking for mach-o/dyld.h... no
checking for sys/types.h... (cached) no
checking sys/time.h usability... no
checking sys/time.h presence... yes
checking for sys/time.h... no
checking sys/times.h usability... no
checking sys/times.h presence... yes
checking for sys/times.h... no
checking sys/timeb.h usability... no
checking sys/timeb.h presence... yes
checking for sys/timeb.h... no
checking sys/timers.h usability... no
checking sys/timers.h presence... no
checking for sys/timers.h... no
checking sys/resource.h usability... no
checking sys/resource.h presence... yes
checking for sys/resource.h... no
checking sys/wait.h usability... no
checking sys/wait.h presence... yes
checking for sys/wait.h... no
checking sys/mman.h usability... no
checking sys/mman.h presence... yes
checking for sys/mman.h... no
checking syslog.h usability... no
checking syslog.h presence... yes
checking for syslog.h... no
checking netdb.h usability... no
checking netdb.h presence... yes
checking for netdb.h... no
checking grp.h usability... no
checking grp.h presence... yes
checking for grp.h... no
checking fpu_control.h usability... no
checking fpu_control.h presence... yes
checking for fpu_control.h... no
checking os2.h usability... no
checking os2.h presence... no
checking for os2.h... no
checking dos.h usability... no
checking dos.h presence... no
checking for dos.h... no
checking direct.h usability... no
checking direct.h presence... no
checking for direct.h... no
checking wdefwin.h usability... no
checking wdefwin.h presence... no
checking for wdefwin.h... no
checking tfork.h usability... no
checking tfork.h presence... no
checking for tfork.h... no
checking curses.h usability... no
checking curses.h presence... no
checking for curses.h... no
checking ncurses.h usability... no
checking ncurses.h presence... no
checking for ncurses.h... no
checking netinet/in.h usability... no
checking netinet/in.h presence... yes
checking for netinet/in.h... no
checking arpa/inet.h usability... no
checking arpa/inet.h presence... yes
checking for arpa/inet.h... no
checking termios.h usability... no
checking termios.h presence... yes
checking for termios.h... no
checking pty.h usability... no
checking pty.h presence... yes
checking for pty.h... no
checking stropts.h usability... no
checking stropts.h presence... yes
checking for stropts.h... no
checking libutil.h usability... no
checking libutil.h presence... no
checking for libutil.h... no
checking util.h usability... no
checking util.h presence... no
checking for util.h... no
checking sys/fpu.h usability... no
checking sys/fpu.h presence... no
checking for sys/fpu.h... no
checking fenv.h usability... no
checking fenv.h presence... yes
checking for fenv.h... no
checking fcntl.h usability... no
checking fcntl.h presence... yes
checking for fcntl.h... no
checking sys/ioctl.h usability... no
checking sys/ioctl.h presence... yes
checking for sys/ioctl.h... no
checking sys/socket.h usability... no
checking sys/socket.h presence... yes
checking for sys/socket.h... no
checking for strings.h... (cached) no
checking for memory.h... (cached) no
checking sys/sysctl.h usability... no
checking sys/sysctl.h presence... yes
checking for sys/sysctl.h... no
checking ws2tcpip.h usability... no
checking ws2tcpip.h presence... no
checking for ws2tcpip.h... no
checking TargetConditionals.h usability... no
checking TargetConditionals.h presence... no
checking for TargetConditionals.h... no
checking poll.h usability... no
checking poll.h presence... yes
checking for poll.h... no
checking for environ... yes
checking for _NSGetEnviron... checking crt_externs.h usability... no
checking crt_externs.h presence... no
checking for crt_externs.h... no
no
checking for remove... no
checking for rename... no
checking for sys/stat.h... (cached) no
checking for mkdir... no
checking dirent.h usability... no
checking dirent.h presence... yes
checking for dirent.h... no
checking for opendir... no
checking stat.h usability... no
checking stat.h presence... no
checking for stat.h... no
checking for sys/stat.h... (cached) no
checking for stat... no
checking for stat64... no
checking for struct stat64... no
checking for socklen_t... no
checking for pipe... no
checking for socketpair... no
checking for chdir... no
checking for execvp... no
checking for getgrnam... no
checking for getpid... no
checking for getppid... no
checking for getpwnam... no
checking for ioctl... no
checking for link... no
checking for mkfifo... no
checking for rmdir... no
checking for socket... no
checking for utimes... no
checking for strerror... no
checking for symlink... no
checking for sysconf... no
checking for sysctl... no
checking for syslog... no
checking for unlink... no
checking for waitpid... no
checking for mmap... no
checking for fcntl... no
checking for tcgetsetattr... no
checking for sigaction... no
checking for sigemptyset/sigaddset... no
checking for sigprocmask... no
checking for signal... no
checking for clock_gettime... no
checking for getclock... no
checking for gettimeofday... no
checking for ftime... no
checking for time... no
checking for nanosleep... no
checking for sleep... no
checking for getrusage... no
checking for times... no
checking for clock... no
checking for DosQuerySysInfo... no
checking for setitimer... no
checking for dos_setvect... no
checking for DosStartTimer... no
checking for VInstall... no
checking for shl_load... no
checking for DosLoadModule... no
checking for dxe_load... no
checking for GetDiskFragment... no
checking for dlopen... no
checking for NSLinkModule... no
checking for gethostname... no
checking for inet_pton... no
checking for getaddrinfo... no
checking for gethostbyname... no
checking for gethostbyaddr... no
checking for getservbyname... no
checking for getservbyport... no
checking for getprotobyname... no
checking for getprotobynumber... no
checking for getnetbyname... no
checking for select... no
checking for poll... no
checking for ppoll... no
checking for openpty... no
checking for getpt... no
checking for ptsname... no
checking for ctermid... no
checking for isastream... no
checking for hstrerror... no
checking for get_fpc_csr... no
checking how /usr/bin/c89-gcc -isysroot /usr/i586-mingw32 -DWIN32 -DWINVER=0x0501 -I/home/walterk/.cache/lambdanative/win32/include -L/home/walterk/.cache/lambdanative/win32/lib's preprocessor evaluates (__GNUC__*1000+__GNUC_MINOR__)>=4002&&(__GNUC__*1000+__GNUC_MINOR__)<=4003... 
checking how /usr/bin/c89-gcc -isysroot /usr/i586-mingw32 -DWIN32 -DWINVER=0x0501 -I/home/walterk/.cache/lambdanative/win32/include -L/home/walterk/.cache/lambdanative/win32/lib's preprocessor evaluates __llvm__ && !__clang__ && (__GNUC__*1000+__GNUC_MINOR__)<4005... 
checking whether /usr/bin/c89-gcc -isysroot /usr/i586-mingw32 -DWIN32 -DWINVER=0x0501 -I/home/walterk/.cache/lambdanative/win32/include -L/home/walterk/.cache/lambdanative/win32/lib accepts -no-cpp-precomp... 
checking whether /usr/bin/c89-gcc -isysroot /usr/i586-mingw32 -DWIN32 -DWINVER=0x0501 -I/home/walterk/.cache/lambdanative/win32/include -L/home/walterk/.cache/lambdanative/win32/lib accepts -fschedule-insns2... 
checking whether /usr/bin/c89-gcc -isysroot /usr/i586-mingw32 -DWIN32 -DWINVER=0x0501 -I/home/walterk/.cache/lambdanative/win32/include -L/home/walterk/.cache/lambdanative/win32/lib accepts -fno-trapping-math... 
checking whether /usr/bin/c89-gcc -isysroot /usr/i586-mingw32 -DWIN32 -DWINVER=0x0501 -I/home/walterk/.cache/lambdanative/win32/include -L/home/walterk/.cache/lambdanative/win32/lib accepts -fno-move-loop-invariants... 
checking whether /usr/bin/c89-gcc -isysroot /usr/i586-mingw32 -DWIN32 -DWINVER=0x0501 -I/home/walterk/.cache/lambdanative/win32/include -L/home/walterk/.cache/lambdanative/win32/lib accepts -fno-keep-inline-dllexport... 
checking whether /usr/bin/c89-gcc -isysroot /usr/i586-mingw32 -DWIN32 -DWINVER=0x0501 -I/home/walterk/.cache/lambdanative/win32/include -L/home/walterk/.cache/lambdanative/win32/lib accepts -mieee... 
checking whether /usr/bin/c89-gcc -isysroot /usr/i586-mingw32 -DWIN32 -DWINVER=0x0501 -I/home/walterk/.cache/lambdanative/win32/include -L/home/walterk/.cache/lambdanative/win32/lib accepts -mieee-with-inexact... 
checking whether /usr/bin/c89-gcc -isysroot /usr/i586-mingw32 -DWIN32 -DWINVER=0x0501 -I/home/walterk/.cache/lambdanative/win32/include -L/home/walterk/.cache/lambdanative/win32/lib accepts -mieee-fp... 
checking whether /usr/bin/c89-gcc -isysroot /usr/i586-mingw32 -DWIN32 -DWINVER=0x0501 -I/home/walterk/.cache/lambdanative/win32/include -L/home/walterk/.cache/lambdanative/win32/lib accepts -Wall... 
checking whether /usr/bin/c89-gcc -isysroot /usr/i586-mingw32 -DWIN32 -DWINVER=0x0501 -I/home/walterk/.cache/lambdanative/win32/include -L/home/walterk/.cache/lambdanative/win32/lib accepts -W... 
checking whether /usr/bin/c89-gcc -isysroot /usr/i586-mingw32 -DWIN32 -DWINVER=0x0501 -I/home/walterk/.cache/lambdanative/win32/include -L/home/walterk/.cache/lambdanative/win32/lib accepts -Wno-unused... 
checking whether /usr/bin/c89-gcc -isysroot /usr/i586-mingw32 -DWIN32 -DWINVER=0x0501 -I/home/walterk/.cache/lambdanative/win32/include -L/home/walterk/.cache/lambdanative/win32/lib accepts -Wno-write-strings... 
checking whether /usr/bin/c89-gcc -isysroot /usr/i586-mingw32 -DWIN32 -DWINVER=0x0501 -I/home/walterk/.cache/lambdanative/win32/include -L/home/walterk/.cache/lambdanative/win32/lib accepts -g... 
checking whether /usr/bin/c89-gcc -isysroot /usr/i586-mingw32 -DWIN32 -DWINVER=0x0501 -I/home/walterk/.cache/lambdanative/win32/include -L/home/walterk/.cache/lambdanative/win32/lib accepts -p... 
checking whether /usr/bin/c89-gcc -isysroot /usr/i586-mingw32 -DWIN32 -DWINVER=0x0501 -I/home/walterk/.cache/lambdanative/win32/include -L/home/walterk/.cache/lambdanative/win32/lib accepts -pg... 
checking whether /usr/bin/c89-gcc -isysroot /usr/i586-mingw32 -DWIN32 -DWINVER=0x0501 -I/home/walterk/.cache/lambdanative/win32/include -L/home/walterk/.cache/lambdanative/win32/lib accepts -ftest-coverage... 
checking whether /usr/bin/c89-gcc -isysroot /usr/i586-mingw32 -DWIN32 -DWINVER=0x0501 -I/home/walterk/.cache/lambdanative/win32/include -L/home/walterk/.cache/lambdanative/win32/lib accepts -fprofile-arcs... 
checking whether /usr/bin/c89-gcc -isysroot /usr/i586-mingw32 -DWIN32 -DWINVER=0x0501 -I/home/walterk/.cache/lambdanative/win32/include -L/home/walterk/.cache/lambdanative/win32/lib accepts -fbranch-probabilities... 
checking whether /usr/bin/c89-gcc -isysroot /usr/i586-mingw32 -DWIN32 -DWINVER=0x0501 -I/home/walterk/.cache/lambdanative/win32/include -L/home/walterk/.cache/lambdanative/win32/lib accepts -O1... 
checking whether /usr/bin/c89-gcc -isysroot /usr/i586-mingw32 -DWIN32 -DWINVER=0x0501 -I/home/walterk/.cache/lambdanative/win32/include -L/home/walterk/.cache/lambdanative/win32/lib accepts -O2... 
checking whether /usr/bin/c89-gcc -isysroot /usr/i586-mingw32 -DWIN32 -DWINVER=0x0501 -I/home/walterk/.cache/lambdanative/win32/include -L/home/walterk/.cache/lambdanative/win32/lib accepts -fno-math-errno... 
checking whether /usr/bin/c89-gcc -isysroot /usr/i586-mingw32 -DWIN32 -DWINVER=0x0501 -I/home/walterk/.cache/lambdanative/win32/include -L/home/walterk/.cache/lambdanative/win32/lib accepts -fno-strict-aliasing... 
checking whether /usr/bin/c89-gcc -isysroot /usr/i586-mingw32 -DWIN32 -DWINVER=0x0501 -I/home/walterk/.cache/lambdanative/win32/include -L/home/walterk/.cache/lambdanative/win32/lib accepts -fwrapv... 
checking whether /usr/bin/c89-gcc -isysroot /usr/i586-mingw32 -DWIN32 -DWINVER=0x0501 -I/home/walterk/.cache/lambdanative/win32/include -L/home/walterk/.cache/lambdanative/win32/lib accepts -fomit-frame-pointer... 
checking whether /usr/bin/c89-gcc -isysroot /usr/i586-mingw32 -DWIN32 -DWINVER=0x0501 -I/home/walterk/.cache/lambdanative/win32/include -L/home/walterk/.cache/lambdanative/win32/lib accepts -fno-common... 
checking whether /usr/bin/c89-gcc -isysroot /usr/i586-mingw32 -DWIN32 -DWINVER=0x0501 -I/home/walterk/.cache/lambdanative/win32/include -L/home/walterk/.cache/lambdanative/win32/lib accepts -shared... 
checking for X... no
checking whether ln -s works... yes
checking for i386-mingw32-ranlib... /usr/bin/c89-ranlib
checking for i386-mingw32-ar... /usr/bin/c89-ar
checking whether make sets $(MAKE)... yes
configure: creating ./config.status
config.status: creating makefile
config.status: creating include/makefile
config.status: creating include/gambit.h
config.status: creating lib/makefile
config.status: creating gsi/makefile
config.status: creating gsc/makefile
config.status: creating bin/makefile
config.status: creating bin/gambc-cc.unix
config.status: creating bin/gambc-cc.bat.windows
config.status: creating bin/gambc-doc.unix
config.status: creating bin/gambc-doc.bat.windows
config.status: creating misc/makefile
config.status: creating doc/makefile
config.status: creating tests/makefile
config.status: creating examples/makefile
config.status: creating examples/distr-comp/makefile
config.status: creating examples/pi/makefile
config.status: creating examples/ring/makefile
config.status: creating examples/web-repl/makefile
config.status: creating examples/web-server/makefile
config.status: creating examples/tcltk/makefile
config.status: creating examples/Xlib-simple/makefile
config.status: creating examples/pthread/makefile
config.status: creating examples/misc/makefile
config.status: creating contrib/makefile
config.status: creating contrib/GambitREPL/makefile
config.status: creating prebuilt/makefile
config.status: creating prebuilt/macosx/makefile
config.status: creating prebuilt/macosx/build-phase2
config.status: creating prebuilt/windows/makefile
config.status: creating prebuilt/windows/build-phase2
config.status: creating include/config.h
configure:
**************************************************************************
***                                                                    ***
*** The option "--enable-single-host" was not specified to the         ***
*** configure script.  The Gambit-C system will compile correctly but  ***
*** typically the executables will run considerably slower than when   ***
*** "--enable-single-host" is specified.  On the other hand the build  ***
*** with "--enable-single-host" is typically slower and requires lots  ***
*** of RAM memory (>= 1 GB).  If you are willing to wait for the       ***
*** longer build, try the configure option "--enable-single-host".     ***
***                                                                    ***
**************************************************************************

 => compiling source..
  CHOST=x86_64-linux-gnu   PKG_CONFIG_PATH=/home/walterk/.cache/lambdanative/win32/lib/pkgconfig   PATH="/home/walterk/.cache/lambdanative/win32/bin:/usr/local/sbin:/usr/local/bin:/usr/sbin:/usr/bin:/sbin:/bin:/usr/games:/usr/local/games:/home/walterk/Software/android-sdk-linux/tools:/home/walterk/Software/android-sdk-linux/platform-tools"   LDFLAGS=-L/home/walterk/.cache/lambdanative/win32/lib   LD_LIBRARY_PATH=/home/walterk/.cache/lambdanative/win32/lib   CPPFLAGS=-I/home/walterk/.cache/lambdanative/win32/include   CC="/usr/bin/c89-gcc  -isysroot /usr/i586-mingw32 -DWIN32 -DWINVER=0x0501 -I/home/walterk/.cache/lambdanative/win32/include -L/home/walterk/.cache/lambdanative/win32/lib"   AR=/usr/bin/c89-ar   RANLIB=/usr/bin/c89-ranlib   make 
make[1]: Entering directory `/home/walterk/.lambdanative/tmp_install/gambc-v4_7_9/lib'
/usr/bin/c89-gcc -isysroot /usr/i586-mingw32 -DWIN32 -DWINVER=0x0501 -I/home/walterk/.cache/lambdanative/win32/include -L/home/walterk/.cache/lambdanative/win32/lib -D_WINDOWS -D_WIN32_WINNT=0x0502    -I"../include" -c -o "_io.o" -I. -DHAVE_CONFIG_H -D___GAMBCDIR="\"\\\\home\\\\walterk\\\\.cache\\\\lambdanative\\\\win32\"" -D___SYS_TYPE_CPU="\"i386\"" -D___SYS_TYPE_VENDOR="\"pc\"" -D___SYS_TYPE_OS="\"mingw32\"" -D___CONFIGURE_COMMAND="\"./configure '--prefix=/home/walterk/.cache/lambdanative/win32' '--host=i386-mingw32' 'host_alias=i386-mingw32' 'CC=/usr/bin/c89-gcc -isysroot /usr/i586-mingw32 -DWIN32 -DWINVER=0x0501 -I/home/walterk/.cache/lambdanative/win32/include -L/home/walterk/.cache/lambdanative/win32/lib' 'LDFLAGS=-L/home/walterk/.cache/lambdanative/win32/lib' 'CPPFLAGS=-I/home/walterk/.cache/lambdanative/win32/include' 'CPP=/usr/bin/c89-cpp'"\" -D___OBJ_EXTENSION="\".o\"" -D___EXE_EXTENSION="\"\"" -D___BAT_EXTENSION="\".bat\"" -D___PRIMAL _io.c -D___LIBRARY
make[1]: Leaving directory `/home/walterk/.lambdanative/tmp_install/gambc-v4_7_9/lib'
>> make failed
BUILD FAILED
